\BOOKMARK [0][]{sysuchapter.1.0}{\376\377\000C\000o\000v\000e\000r}{}% 1
\BOOKMARK [0][]{sysuchapter.2.0}{\376\377\144\130\211\201}{}% 2
\BOOKMARK [0][]{sysuchapter.3.0}{\376\377\166\356\000\040\137\125}{}% 3
\BOOKMARK [0][]{chapter.1}{\376\377\0001\000\040\176\352\213\272}{}% 4
\BOOKMARK [1][-]{section.1.1}{\376\377\0001\000.\0001\000\040\170\024\172\166\200\314\146\157\116\016\141\017\116\111}{chapter.1}% 5
\BOOKMARK [1][-]{section.1.2}{\376\377\0001\000.\0002\000\040\170\024\172\166\166\356\150\007\116\016\121\205\133\271}{chapter.1}% 6
\BOOKMARK [1][-]{section.1.3}{\376\377\0001\000.\0003\000\040\213\272\145\207\176\304\176\307\176\323\147\204}{chapter.1}% 7
\BOOKMARK [0][]{chapter.2}{\376\377\0002\000\040\166\370\121\163\135\345\117\134}{}% 8
\BOOKMARK [1][-]{section.2.1}{\376\377\0002\000.\0001\000\040\150\300\175\042\130\236\137\072\165\037\142\020\377\010\000R\000A\000G\377\011}{chapter.2}% 9
\BOOKMARK [1][-]{section.2.2}{\376\377\0002\000.\0002\000\040\126\376\130\236\137\072\150\300\175\042\116\016\000\040\000G\000r\000a\000p\000h\000R\000A\000G}{chapter.2}% 10
\BOOKMARK [1][-]{section.2.3}{\376\377\0002\000.\0003\000\040\131\032\152\041\140\001\145\207\150\143\164\006\211\343\116\016\225\356\173\124}{chapter.2}% 11
\BOOKMARK [1][-]{section.2.4}{\376\377\0002\000.\0004\000\040\211\306\211\311\213\355\212\000\152\041\127\213}{chapter.2}% 12
\BOOKMARK [0][]{chapter.3}{\376\377\0003\000\040\174\373\176\337\213\276\213\241\116\016\133\236\163\260}{}% 13
\BOOKMARK [1][-]{section.3.1}{\376\377\0003\000.\0001\000\040\140\073\117\123\147\266\147\204}{chapter.3}% 14
\BOOKMARK [1][-]{section.3.2}{\376\377\0003\000.\0002\000\040\145\207\150\143\211\343\147\220\116\016\176\323\147\204\123\026\142\275\123\326}{chapter.3}% 15
\BOOKMARK [1][-]{section.3.3}{\376\377\0003\000.\0003\000\040\167\345\213\306\126\376\214\061\147\204\136\372}{chapter.3}% 16
\BOOKMARK [1][-]{section.3.4}{\376\377\0003\000.\0004\000\040\000G\000r\000a\000p\000h\000R\000A\000G\000\040\225\356\173\124\155\101\172\013}{chapter.3}% 17
\BOOKMARK [1][-]{section.3.5}{\376\377\0003\000.\0005\000\040\122\115\124\016\172\357\116\244\116\222\213\276\213\241}{chapter.3}% 18
\BOOKMARK [0][]{chapter.4}{\376\377\0004\000\040\133\236\232\214\213\276\213\241\116\016\176\323\147\234\122\006\147\220}{}% 19
\BOOKMARK [1][-]{section.4.1}{\376\377\0004\000.\0001\000\040\133\236\232\214\213\276\177\156}{chapter.4}% 20
\BOOKMARK [2][-]{subsection.4.1.1}{\376\377\0004\000.\0001\000.\0001\000\040\145\160\143\156\226\306}{section.4.1}% 21
\BOOKMARK [2][-]{subsection.4.1.2}{\376\377\0004\000.\0001\000.\0002\000\040\213\304\155\113\143\007\150\007}{section.4.1}% 22
\BOOKMARK [2][-]{subsection.4.1.3}{\376\377\0004\000.\0001\000.\0003\000\040\155\210\207\215\145\271\150\110}{section.4.1}% 23
\BOOKMARK [1][-]{section.4.2}{\376\377\0004\000.\0002\000\040\133\236\232\214\176\323\147\234}{chapter.4}% 24
\BOOKMARK [2][-]{subsection.4.2.1}{\376\377\0004\000.\0002\000.\0001\000\040\145\164\117\123\140\047\200\375}{section.4.2}% 25
\BOOKMARK [2][-]{subsection.4.2.2}{\376\377\0004\000.\0002\000.\0002\000\040\155\210\207\215\122\006\147\220}{section.4.2}% 26
\BOOKMARK [2][-]{subsection.4.2.3}{\376\377\0004\000.\0002\000.\0003\000\040\143\011\225\356\230\230\174\173\127\213\122\006\147\220}{section.4.2}% 27
\BOOKMARK [1][-]{section.4.3}{\376\377\0004\000.\0003\000\040\000T\000o\000k\000e\000n\000\040\142\020\147\054\122\006\147\220}{chapter.4}% 28
\BOOKMARK [1][-]{section.4.4}{\376\377\0004\000.\0004\000\040\225\031\213\357\122\006\147\220}{chapter.4}% 29
\BOOKMARK [1][-]{section.4.5}{\376\377\0004\000.\0005\000\040\116\272\135\345\213\304\122\006\116\244\123\311\232\214\213\301}{chapter.4}% 30
\BOOKMARK [2][-]{subsection.4.5.1}{\376\377\0004\000.\0005\000.\0001\000\040\213\304\122\006\150\007\121\306}{section.4.5}% 31
\BOOKMARK [2][-]{subsection.4.5.2}{\376\377\0004\000.\0005\000.\0002\000\040\145\164\117\123\176\323\147\234}{section.4.5}% 32
\BOOKMARK [2][-]{subsection.4.5.3}{\376\377\0004\000.\0005\000.\0003\000\040\143\011\145\207\150\143\122\006\147\220}{section.4.5}% 33
\BOOKMARK [2][-]{subsection.4.5.4}{\376\377\0004\000.\0005\000.\0004\000\040\143\011\230\230\127\213\122\006\147\220}{section.4.5}% 34
\BOOKMARK [2][-]{subsection.4.5.5}{\376\377\0004\000.\0005\000.\0005\000\040\201\352\122\250\143\007\150\007\123\357\227\140\140\047\122\006\147\220}{section.4.5}% 35
\BOOKMARK [1][-]{section.4.6}{\376\377\0004\000.\0006\000\040\133\236\232\214\134\017\176\323}{chapter.4}% 36
\BOOKMARK [0][]{chapter.5}{\376\377\0005\000\040\140\073\176\323\116\016\134\125\147\033}{}% 37
\BOOKMARK [1][-]{section.5.1}{\376\377\0005\000.\0001\000\040\116\073\211\201\135\345\117\134\140\073\176\323}{chapter.5}% 38
\BOOKMARK [1][-]{section.5.2}{\376\377\0005\000.\0002\000\040\134\100\226\120\140\047\116\016\147\052\147\145\134\125\147\033}{chapter.5}% 39
\BOOKMARK [0][]{chapter*.17}{\376\377\123\302\200\003\145\207\163\056}{}% 40
\BOOKMARK [0][]{chapter*.18}{\376\377\201\364\214\042}{}% 41
